PASS exact-rational-h2-a2-k2-q7
PASS exact-rational-h3-a1-k4-q9
PASS exact-rational-h4-a3-k1-q0
PASS exact-rational-h4-a3-k1-q1
PASS exact-rational-h5-a2-k3-q64
PASS reference-point-h63-q2^64
PASS precision160-contained-h63-q2^64
PASS tail-tolerance-h63-q2^64
PASS reference-point-h66-q2^64
PASS precision160-contained-h66-q2^64
PASS tail-tolerance-h66-q2^64
PASS reference-point-h22-q2^20
PASS precision160-contained-h22-q2^20
PASS tail-tolerance-h22-q2^20
PASS reference-point-h22-q2^22
PASS precision160-contained-h22-q2^22
PASS tail-tolerance-h22-q2^22
PASS reference-point-h22-q2^24
PASS precision160-contained-h22-q2^24
PASS tail-tolerance-h22-q2^24
PASS reference-point-h22-q2^25
PASS precision160-contained-h22-q2^25
PASS tail-tolerance-h22-q2^25
PASS reference-point-h22-q2^26
PASS precision160-contained-h22-q2^26
PASS tail-tolerance-h22-q2^26
PASS reference-point-h22-q2^27
PASS precision160-contained-h22-q2^27
PASS tail-tolerance-h22-q2^27
PASS reference-point-h22-q2^28
PASS precision160-contained-h22-q2^28
PASS tail-tolerance-h22-q2^28
PASS reference-point-h22-q2^30
PASS precision160-contained-h22-q2^30
PASS tail-tolerance-h22-q2^30
PASS reference-point-h22-q2^32
PASS precision160-contained-h22-q2^32
PASS tail-tolerance-h22-q2^32
PASS q-probability-monotonic
PASS k-probability-monotonic
PASS wots-population-lgw2
PASS wots-population-lgw3
PASS wots-population-lgw4
PASS lgw3-ceil-and-padding
PASS wots-exhaustive-1byte-lgw2
PASS wots-exhaustive-1byte-lgw3
PASS wots-exhaustive-1byte-lgw4
PASS structural-count-match-pid1-cacheNone
PASS compression-count-match-pid1-cacheNone
PASS structural-count-match-pid1-cache0
PASS compression-count-match-pid1-cache0
PASS structural-count-match-pid1-cache9
PASS compression-count-match-pid1-cache9
PASS structural-count-match-pid1-cache9
PASS compression-count-match-pid1-cache9
PASS verify-count-match-pid1
PASS keygen-count-match-pid1
PASS structural-count-match-pid2-cacheNone
PASS compression-count-match-pid2-cacheNone
PASS structural-count-match-pid2-cache0
PASS compression-count-match-pid2-cache0
PASS structural-count-match-pid2-cache3
PASS compression-count-match-pid2-cache3
PASS structural-count-match-pid2-cache3
PASS compression-count-match-pid2-cache3
PASS verify-count-match-pid2
PASS keygen-count-match-pid2
PASS structural-count-match-pid3-cacheNone
PASS compression-count-match-pid3-cacheNone
PASS structural-count-match-pid3-cache0
PASS compression-count-match-pid3-cache0
PASS structural-count-match-pid3-cache12
PASS compression-count-match-pid3-cache12
PASS structural-count-match-pid3-cache22
PASS compression-count-match-pid3-cache22
PASS verify-count-match-pid3
PASS keygen-count-match-pid3
PASS structural-count-match-pid101-cacheNone
PASS compression-count-match-pid101-cacheNone
PASS structural-count-match-pid101-cache0
PASS compression-count-match-pid101-cache0
PASS structural-count-match-pid101-cache9
PASS compression-count-match-pid101-cache9
PASS structural-count-match-pid101-cache9
PASS compression-count-match-pid101-cache9
PASS verify-count-match-pid101
PASS keygen-count-match-pid101
PASS structural-count-match-pid102-cacheNone
PASS compression-count-match-pid102-cacheNone
PASS structural-count-match-pid102-cache0
PASS compression-count-match-pid102-cache0
PASS structural-count-match-pid102-cache3
PASS compression-count-match-pid102-cache3
PASS structural-count-match-pid102-cache3
PASS compression-count-match-pid102-cache3
PASS verify-count-match-pid102
PASS keygen-count-match-pid102
PASS structural-count-match-pid103-cacheNone
PASS compression-count-match-pid103-cacheNone
PASS structural-count-match-pid103-cache0
PASS compression-count-match-pid103-cache0
PASS structural-count-match-pid103-cache12
PASS compression-count-match-pid103-cache12
PASS structural-count-match-pid103-cache22
PASS compression-count-match-pid103-cache22
PASS verify-count-match-pid103
PASS keygen-count-match-pid103
PASS structural-count-match-pid201-cacheNone
PASS compression-count-match-pid201-cacheNone
PASS structural-count-match-pid201-cache0
PASS compression-count-match-pid201-cache0
PASS structural-count-match-pid201-cache10
PASS compression-count-match-pid201-cache10
PASS structural-count-match-pid201-cache10
PASS compression-count-match-pid201-cache10
PASS verify-count-match-pid201
PASS keygen-count-match-pid201
PASS Pareto-strictness-and-ties
PASS grid-rejects-nonintegral-hp
PASS preserved-native-sign-verify-recomputed
PASS all-fixed-parameter-existing-vector-traces
