#0 building with "default" instance using docker driver

#1 [internal] load build definition from Dockerfile
#1 transferring dockerfile: 1.31kB done
#1 DONE 0.0s

#2 [internal] load metadata for docker.io/library/a15-python-base:locked-5024f48b
#2 DONE 0.0s

#3 [internal] load .dockerignore
#3 transferring context: 167B done
#3 DONE 0.0s

#4 [1/8] FROM docker.io/library/a15-python-base:locked-5024f48b
#4 DONE 0.1s

#5 [internal] load build context
#5 transferring context: 414.72MB 3.1s done
#5 DONE 3.1s

#6 [2/8] RUN rm -f /etc/apt/sources.list.d/debian.sources &&     printf '%s\n' 'deb [check-valid-until=no] https://snapshot.debian.org/archive/debian/20261003T000000Z/ bookworm main' > /etc/apt/sources.list &&     apt-get update && apt-get install -y --no-install-recommends gcc g++ make libc6-dev binutils ca-certificates &&     rm -rf /var/lib/apt/lists/*
#6 8.344 Get:1 https://snapshot.debian.org/archive/debian/20261003T000000Z bookworm InRelease [151 kB]
#6 9.808 Get:2 https://snapshot.debian.org/archive/debian/20261003T000000Z bookworm/main amd64 Packages [8790 kB]
#6 125.9 Fetched 8941 kB in 2min 5s (71.4 kB/s)
#6 125.9 Reading package lists...
#6 126.5 Reading package lists...
#6 127.0 Building dependency tree...
#6 127.1 Reading state information...
#6 127.2 ca-certificates is already the newest version (20250419~deb12u1).
#6 127.2 The following additional packages will be installed:
#6 127.2   binutils-common binutils-x86-64-linux-gnu cpp cpp-12 g++-12 gcc-12 libasan8
#6 127.2   libatomic1 libbinutils libc-dev-bin libcc1-0 libcrypt-dev libctf-nobfd0
#6 127.2   libctf0 libgcc-12-dev libgomp1 libgprofng0 libgssapi-krb5-2 libisl23 libitm1
#6 127.2   libjansson4 libk5crypto3 libkeyutils1 libkrb5-3 libkrb5support0 liblsan0
#6 127.2   libmpc3 libmpfr6 libnsl-dev libnsl2 libquadmath0 libstdc++-12-dev
#6 127.2   libtirpc-common libtirpc-dev libtirpc3 libtsan2 libubsan1 linux-libc-dev
#6 127.2   rpcsvc-proto
#6 127.2 Suggested packages:
#6 127.2   binutils-doc cpp-doc gcc-12-locales cpp-12-doc g++-multilib g++-12-multilib
#6 127.2   gcc-12-doc gcc-multilib manpages-dev autoconf automake libtool flex bison
#6 127.2   gdb gcc-doc gcc-12-multilib glibc-doc krb5-doc krb5-user libstdc++-12-doc
#6 127.2   make-doc
#6 127.2 Recommended packages:
#6 127.2   manpages manpages-dev libc-devtools krb5-locales
#6 127.4 The following NEW packages will be installed:
#6 127.4   binutils binutils-common binutils-x86-64-linux-gnu cpp cpp-12 g++ g++-12 gcc
#6 127.4   gcc-12 libasan8 libatomic1 libbinutils libc-dev-bin libc6-dev libcc1-0
#6 127.4   libcrypt-dev libctf-nobfd0 libctf0 libgcc-12-dev libgomp1 libgprofng0
#6 127.4   libgssapi-krb5-2 libisl23 libitm1 libjansson4 libk5crypto3 libkeyutils1
#6 127.4   libkrb5-3 libkrb5support0 liblsan0 libmpc3 libmpfr6 libnsl-dev libnsl2
#6 127.4   libquadmath0 libstdc++-12-dev libtirpc-common libtirpc-dev libtirpc3
#6 127.4   libtsan2 libubsan1 linux-libc-dev make rpcsvc-proto
#6 158.5 0 upgraded, 44 newly installed, 0 to remove and 0 not upgraded.
#6 158.5 Need to get 64.5 MB of archives.
#6 158.5 After this operation, 262 MB of additional disk space will be used.
#6 158.5 Get:1 https://snapshot.debian.org/archive/debian/20261003T000000Z bookworm/main amd64 binutils-common amd64 2.40-2 [2487 kB]
#6 169.8 Get:2 https://snapshot.debian.org/archive/debian/20261003T000000Z bookworm/main amd64 libbinutils amd64 2.40-2 [572 kB]
#6 176.2 Get:3 https://snapshot.debian.org/archive/debian/20261003T000000Z bookworm/main amd64 libctf-nobfd0 amd64 2.40-2 [153 kB]
#6 178.4 Get:4 https://snapshot.debian.org/archive/debian/20261003T000000Z bookworm/main amd64 libctf0 amd64 2.40-2 [89.8 kB]
#6 179.6 Get:5 https://snapshot.debian.org/archive/debian/20261003T000000Z bookworm/main amd64 libgprofng0 amd64 2.40-2 [812 kB]
#6 191.7 Get:6 https://snapshot.debian.org/archive/debian/20261003T000000Z bookworm/main amd64 libjansson4 amd64 2.14-2 [40.8 kB]
#6 192.2 Get:7 https://snapshot.debian.org/archive/debian/20261003T000000Z bookworm/main amd64 binutils-x86-64-linux-gnu amd64 2.40-2 [2246 kB]
#6 219.2 Get:8 https://snapshot.debian.org/archive/debian/20261003T000000Z bookworm/main amd64 binutils amd64 2.40-2 [65.0 kB]
#6 219.9 Get:9 https://snapshot.debian.org/archive/debian/20261003T000000Z bookworm/main amd64 libisl23 amd64 0.25-1.1 [683 kB]
#6 231.5 Get:10 https://snapshot.debian.org/archive/debian/20261003T000000Z bookworm/main amd64 libmpfr6 amd64 4.2.0-1 [701 kB]
#6 243.3 Get:11 https://snapshot.debian.org/archive/debian/20261003T000000Z bookworm/main amd64 libmpc3 amd64 1.3.1-1 [51.5 kB]
#6 244.0 Get:12 https://snapshot.debian.org/archive/debian/20261003T000000Z bookworm/main amd64 cpp-12 amd64 12.2.0-14+deb12u1 [9768 kB]
#6 376.6 Get:13 https://snapshot.debian.org/archive/debian/20261003T000000Z bookworm/main amd64 cpp amd64 4:12.2.0-3 [6836 B]
#6 376.7 Get:14 https://snapshot.debian.org/archive/debian/20261003T000000Z bookworm/main amd64 libcc1-0 amd64 12.2.0-14+deb12u1 [41.7 kB]
#6 377.6 Get:15 https://snapshot.debian.org/archive/debian/20261003T000000Z bookworm/main amd64 libgomp1 amd64 12.2.0-14+deb12u1 [116 kB]
#6 379.7 Get:16 https://snapshot.debian.org/archive/debian/20261003T000000Z bookworm/main amd64 libitm1 amd64 12.2.0-14+deb12u1 [26.1 kB]
#6 379.9 Get:17 https://snapshot.debian.org/archive/debian/20261003T000000Z bookworm/main amd64 libatomic1 amd64 12.2.0-14+deb12u1 [9376 B]
#6 380.1 Get:18 https://snapshot.debian.org/archive/debian/20261003T000000Z bookworm/main amd64 libasan8 amd64 12.2.0-14+deb12u1 [2193 kB]
#6 416.0 Get:19 https://snapshot.debian.org/archive/debian/20261003T000000Z bookworm/main amd64 liblsan0 amd64 12.2.0-14+deb12u1 [969 kB]
#6 432.7 Get:20 https://snapshot.debian.org/archive/debian/20261003T000000Z bookworm/main amd64 libtsan2 amd64 12.2.0-14+deb12u1 [2197 kB]
#6 467.1 Get:21 https://snapshot.debian.org/archive/debian/20261003T000000Z bookworm/main amd64 libubsan1 amd64 12.2.0-14+deb12u1 [883 kB]
#6 478.0 Get:22 https://snapshot.debian.org/archive/debian/20261003T000000Z bookworm/main amd64 libquadmath0 amd64 12.2.0-14+deb12u1 [145 kB]
#6 479.5 Get:23 https://snapshot.debian.org/archive/debian/20261003T000000Z bookworm/main amd64 libgcc-12-dev amd64 12.2.0-14+deb12u1 [2437 kB]
#6 514.7 Get:24 https://snapshot.debian.org/archive/debian/20261003T000000Z bookworm/main amd64 gcc-12 amd64 12.2.0-14+deb12u1 [19.3 MB]
#6 804.7 Get:25 https://snapshot.debian.org/archive/debian/20261003T000000Z bookworm/main amd64 gcc amd64 4:12.2.0-3 [5216 B]
#6 804.7 Get:26 https://snapshot.debian.org/archive/debian/20261003T000000Z bookworm/main amd64 libc-dev-bin amd64 2.36-9+deb12u14 [48.1 kB]
#6 805.8 Get:27 https://snapshot.debian.org/archive/debian/20261003T000000Z bookworm/main amd64 linux-libc-dev amd64 6.1.176-1 [2304 kB]
#6 843.0 Get:28 https://snapshot.debian.org/archive/debian/20261003T000000Z bookworm/main amd64 libcrypt-dev amd64 1:4.4.33-2 [118 kB]
#6 845.7 Get:29 https://snapshot.debian.org/archive/debian/20261003T000000Z bookworm/main amd64 libkrb5support0 amd64 1.20.1-2+deb12u5 [33.2 kB]
#6 846.3 Get:30 https://snapshot.debian.org/archive/debian/20261003T000000Z bookworm/main amd64 libk5crypto3 amd64 1.20.1-2+deb12u5 [79.7 kB]
#6 848.1 Get:31 https://snapshot.debian.org/archive/debian/20261003T000000Z bookworm/main amd64 libkeyutils1 amd64 1.6.3-2 [8808 B]
#6 848.3 Get:32 https://snapshot.debian.org/archive/debian/20261003T000000Z bookworm/main amd64 libkrb5-3 amd64 1.20.1-2+deb12u5 [332 kB]
#6 852.5 Get:33 https://snapshot.debian.org/archive/debian/20261003T000000Z bookworm/main amd64 libgssapi-krb5-2 amd64 1.20.1-2+deb12u5 [135 kB]
#6 853.4 Get:34 https://snapshot.debian.org/archive/debian/20261003T000000Z bookworm/main amd64 libtirpc-common all 1.3.3+ds-1 [14.0 kB]
#6 853.5 Get:35 https://snapshot.debian.org/archive/debian/20261003T000000Z bookworm/main amd64 libtirpc3 amd64 1.3.3+ds-1 [85.2 kB]
#6 853.8 Get:36 https://snapshot.debian.org/archive/debian/20261003T000000Z bookworm/main amd64 libnsl2 amd64 1.3.0-2 [39.5 kB]
#6 854.0 Get:37 https://snapshot.debian.org/archive/debian/20261003T000000Z bookworm/main amd64 libtirpc-dev amd64 1.3.3+ds-1 [191 kB]
#6 855.2 Get:38 https://snapshot.debian.org/archive/debian/20261003T000000Z bookworm/main amd64 libnsl-dev amd64 1.3.0-2 [66.4 kB]
#6 855.6 Get:39 https://snapshot.debian.org/archive/debian/20261003T000000Z bookworm/main amd64 rpcsvc-proto amd64 1.4.3-1 [63.3 kB]
#6 856.2 Get:40 https://snapshot.debian.org/archive/debian/20261003T000000Z bookworm/main amd64 libc6-dev amd64 2.36-9+deb12u14 [1904 kB]
#6 882.3 Get:41 https://snapshot.debian.org/archive/debian/20261003T000000Z bookworm/main amd64 libstdc++-12-dev amd64 12.2.0-14+deb12u1 [2047 kB]
