#0 building with "default" instance using docker driver

#1 [internal] load build definition from Dockerfile
#1 transferring dockerfile: 1.33kB done
#1 DONE 0.0s

#2 [internal] load metadata for docker.io/library/a15-python-base:locked-5024f48b
#2 DONE 0.0s

#3 [internal] load .dockerignore
#3 transferring context: 186B done
#3 DONE 0.0s

#4 [1/8] FROM docker.io/library/a15-python-base:locked-5024f48b
#4 CACHED

#5 [internal] load build context
#5 transferring context: 2.15MB 0.2s done
#5 DONE 0.3s

#6 [2/8] RUN rm -f /etc/apt/sources.list.d/debian.sources &&     printf '%s\n' 'deb [check-valid-until=no] https://snapshot.debian.org/archive/debian/20261003T000000Z/ bookworm main' > /etc/apt/sources.list &&     apt-get update && apt-get install -y --no-install-recommends gcc g++ make libc6-dev binutils ca-certificates &&     rm -rf /var/lib/apt/lists/*
#6 21.01 Ign:1 https://snapshot.debian.org/archive/debian/20261003T000000Z bookworm InRelease
#6 42.03 Ign:1 https://snapshot.debian.org/archive/debian/20261003T000000Z bookworm InRelease
#6 64.05 Ign:1 https://snapshot.debian.org/archive/debian/20261003T000000Z bookworm InRelease
#6 88.06 Err:1 https://snapshot.debian.org/archive/debian/20261003T000000Z bookworm InRelease
#6 88.06   Temporary failure resolving 'snapshot.debian.org'
#6 88.07 Reading package lists...
#6 88.09 W: Failed to fetch https://snapshot.debian.org/archive/debian/20261003T000000Z/dists/bookworm/InRelease  Temporary failure resolving 'snapshot.debian.org'
#6 88.09 W: Some index files failed to download. They have been ignored, or old ones used instead.
#6 88.10 Reading package lists...
#6 88.11 Building dependency tree...
#6 88.11 Reading state information...
#6 88.11 E: Unable to locate package gcc
#6 88.11 E: Unable to locate package make
#6 88.11 E: Unable to locate package libc6-dev
#6 88.11 E: Unable to locate package binutils
#6 ERROR: process "/bin/sh -c rm -f /etc/apt/sources.list.d/debian.sources &&     printf '%s\\n' 'deb [check-valid-until=no] https://snapshot.debian.org/archive/debian/20261003T000000Z/ bookworm main' > /etc/apt/sources.list &&     apt-get update && apt-get install -y --no-install-recommends gcc g++ make libc6-dev binutils ca-certificates &&     rm -rf /var/lib/apt/lists/*" did not complete successfully: exit code: 100
------
 > [2/8] RUN rm -f /etc/apt/sources.list.d/debian.sources &&     printf '%s\n' 'deb [check-valid-until=no] https://snapshot.debian.org/archive/debian/20261003T000000Z/ bookworm main' > /etc/apt/sources.list &&     apt-get update && apt-get install -y --no-install-recommends gcc g++ make libc6-dev binutils ca-certificates &&     rm -rf /var/lib/apt/lists/*:
88.07 Reading package lists...
88.09 W: Failed to fetch https://snapshot.debian.org/archive/debian/20261003T000000Z/dists/bookworm/InRelease  Temporary failure resolving 'snapshot.debian.org'
88.09 W: Some index files failed to download. They have been ignored, or old ones used instead.
88.10 Reading package lists...
88.11 Building dependency tree...
88.11 Reading state information...
88.11 E: Unable to locate package gcc
88.11 E: Unable to locate package make
88.11 E: Unable to locate package libc6-dev
88.11 E: Unable to locate package binutils
------
Dockerfile:4
--------------------
   3 |     FROM ${BASE_IMAGE}
   4 | >>> RUN rm -f /etc/apt/sources.list.d/debian.sources && \
   5 | >>>     printf '%s\n' 'deb [check-valid-until=no] https://snapshot.debian.org/archive/debian/20261003T000000Z/ bookworm main' > /etc/apt/sources.list && \
   6 | >>>     apt-get update && apt-get install -y --no-install-recommends gcc g++ make libc6-dev binutils ca-certificates && \
   7 | >>>     rm -rf /var/lib/apt/lists/*
   8 |     WORKDIR /work/pqc-a1-5
--------------------
ERROR: failed to build: failed to solve: process "/bin/sh -c rm -f /etc/apt/sources.list.d/debian.sources &&     printf '%s\\n' 'deb [check-valid-until=no] https://snapshot.debian.org/archive/debian/20261003T000000Z/ bookworm main' > /etc/apt/sources.list &&     apt-get update && apt-get install -y --no-install-recommends gcc g++ make libc6-dev binutils ca-certificates &&     rm -rf /var/lib/apt/lists/*" did not complete successfully: exit code: 100
