make: Entering directory '/home/guest-experiment/pqc-a1-5/c'
mkdir -p ../build/friend-repair-20261004-r4/native
cc -std=c11 -Wall -Wextra -Wno-misleading-indentation -fPIC -fopenmp -Iinclude -Isrc -I../third_party/slhdsa-c -O3 -DSLH_RELEASE_BUILD -shared src/engine.c src/sm3.c src/sm3x8.c ../third_party/slhdsa-c/sha2_256.c ../third_party/slhdsa-c/sha2_512.c ../third_party/slhdsa-c/sha3_api.c ../third_party/slhdsa-c/sha3_f1600.c src/sm3_cuda_stub.c   -o ../build/friend-repair-20261004-r4/native/libslhdsa_sm3.so
mkdir -p ../build/friend-repair-20261004-r4/native
cc -std=c11 -Wall -Wextra -Wno-misleading-indentation -fPIC -fopenmp -Iinclude -Isrc -I../third_party/slhdsa-c -O3 src/engine.c src/sm3.c src/sm3x8.c ../third_party/slhdsa-c/sha2_256.c ../third_party/slhdsa-c/sha2_512.c ../third_party/slhdsa-c/sha3_api.c ../third_party/slhdsa-c/sha3_f1600.c src/sm3_cuda_stub.c tests/test_native.c   -o ../build/friend-repair-20261004-r4/native/test_native
A15_TEST_CACHE=../build/friend-repair-20261004-r4/native/test.cache ../build/friend-repair-20261004-r4/native/test_native
native argument guards PASS
pid 201 native checks PASS
pid 101 native checks PASS
pid 102 native checks PASS
native tests PASS
mkdir -p ../build/friend-repair-20261004-r4/native
cc -std=c11 -Wall -Wextra -Wno-misleading-indentation -fPIC -fopenmp -Iinclude -Isrc -I../third_party/slhdsa-c -O3 src/engine.c src/sm3.c src/sm3x8.c ../third_party/slhdsa-c/sha2_256.c ../third_party/slhdsa-c/sha2_512.c ../third_party/slhdsa-c/sha3_api.c ../third_party/slhdsa-c/sha3_f1600.c src/sm3_cuda_stub.c tests/test_review.c   -o ../build/friend-repair-20261004-r4/native/test_review
../build/friend-repair-20261004-r4/native/test_review ../build/friend-repair-20261004-r4/native
toy cache t=0 size=16480 round-trip/signature-byte-equivalence PASS
toy cache t=1 size=8288 round-trip/signature-byte-equivalence PASS
toy cache t=2 size=4192 round-trip/signature-byte-equivalence PASS
toy cache t=3 size=2144 round-trip/signature-byte-equivalence PASS
toy cache t=4 size=1120 round-trip/signature-byte-equivalence PASS
toy cache t=5 size=608 round-trip/signature-byte-equivalence PASS
toy cache t=6 size=352 round-trip/signature-byte-equivalence PASS
toy cache t=7 size=224 round-trip/signature-byte-equivalence PASS
toy cache t=8 size=160 round-trip/signature-byte-equivalence PASS
toy cache t=9 size=128 round-trip/signature-byte-equivalence PASS
toy cache t=10 size=112 round-trip/signature-byte-equivalence PASS
cache malformed offset 0 old-cache-preserved PASS
cache malformed offset 8 old-cache-preserved PASS
cache malformed offset 12 old-cache-preserved PASS
cache malformed offset 16 old-cache-preserved PASS
cache malformed offset 20 old-cache-preserved PASS
cache malformed offset 24 old-cache-preserved PASS
cache malformed offset 28 old-cache-preserved PASS
cache malformed offset 32 old-cache-preserved PASS
cache malformed offset 48 old-cache-preserved PASS
cache malformed offset 64 old-cache-preserved PASS
cache changed layer node + recomputed SM3 checksum rejected by root PASS
cache changed claimed root + matching supplied key + recomputed checksum rejected by tree root PASS
cache both public-key halves bound; old-cache-preserved PASS
cache cross-pid + recomputed checksum rejected PASS
cache truncation/extra-byte rejected old-cache-preserved PASS
cache large t avoids underflow/overshift PASS
keygen threads=1 pk/sk byte-equivalence PASS
keygen threads=8 pk/sk byte-equivalence PASS
signature key binding/cached/loaded/cross-key threads=1 bytes=2320 PASS
signature key binding/cached/loaded/cross-key threads=2 bytes=2320 PASS
signature key binding/cached/loaded/cross-key threads=4 bytes=2320 PASS
signature key binding/cached/loaded/cross-key threads=8 bytes=2320 PASS
cross-key cache fallback and malformed-secret self-check PASS
WOTS z=8 start=256 target=256 threads=1 root/auth/root-only/guards PASS
WOTS z=8 start=256 target=256 threads=2 root/auth/root-only/guards PASS
WOTS z=8 start=256 target=256 threads=4 root/auth/root-only/guards PASS
WOTS z=8 start=256 target=256 threads=8 root/auth/root-only/guards PASS
WOTS z=8 start=256 target=256 threads=32 root/auth/root-only/guards PASS
WOTS z=8 start=256 target=511 threads=1 root/auth/root-only/guards PASS
WOTS z=8 start=256 target=511 threads=2 root/auth/root-only/guards PASS
WOTS z=8 start=256 target=511 threads=4 root/auth/root-only/guards PASS
WOTS z=8 start=256 target=511 threads=8 root/auth/root-only/guards PASS
WOTS z=8 start=256 target=511 threads=32 root/auth/root-only/guards PASS
WOTS z=5 start=32 target=63 threads=1 root/auth/root-only/guards PASS
WOTS z=5 start=32 target=63 threads=2 root/auth/root-only/guards PASS
WOTS z=5 start=32 target=63 threads=4 root/auth/root-only/guards PASS
WOTS z=5 start=32 target=63 threads=8 root/auth/root-only/guards PASS
WOTS z=5 start=32 target=63 threads=32 root/auth/root-only/guards PASS
FORS z=8 start=5376 target=5376 threads=1 root/auth/root-only/guards PASS
FORS z=8 start=5376 target=5376 threads=2 root/auth/root-only/guards PASS
FORS z=8 start=5376 target=5376 threads=4 root/auth/root-only/guards PASS
FORS z=8 start=5376 target=5376 threads=8 root/auth/root-only/guards PASS
FORS z=8 start=5376 target=5376 threads=32 root/auth/root-only/guards PASS
FORS z=8 start=5376 target=5631 threads=1 root/auth/root-only/guards PASS
FORS z=8 start=5376 target=5631 threads=2 root/auth/root-only/guards PASS
FORS z=8 start=5376 target=5631 threads=4 root/auth/root-only/guards PASS
FORS z=8 start=5376 target=5631 threads=8 root/auth/root-only/guards PASS
FORS z=8 start=5376 target=5631 threads=32 root/auth/root-only/guards PASS
FORS z=5 start=5152 target=5183 threads=1 root/auth/root-only/guards PASS
FORS z=5 start=5152 target=5183 threads=2 root/auth/root-only/guards PASS
FORS z=5 start=5152 target=5183 threads=4 root/auth/root-only/guards PASS
FORS z=5 start=5152 target=5183 threads=8 root/auth/root-only/guards PASS
FORS z=5 start=5152 target=5183 threads=32 root/auth/root-only/guards PASS
WOTS z=0 start=1023 target=1023 threads=1 root/auth/root-only/guards PASS
WOTS z=0 start=1023 target=1023 threads=2 root/auth/root-only/guards PASS
WOTS z=0 start=1023 target=1023 threads=4 root/auth/root-only/guards PASS
WOTS z=0 start=1023 target=1023 threads=8 root/auth/root-only/guards PASS
WOTS z=0 start=1023 target=1023 threads=32 root/auth/root-only/guards PASS
WOTS z=1 start=1022 target=1023 threads=1 root/auth/root-only/guards PASS
WOTS z=1 start=1022 target=1023 threads=2 root/auth/root-only/guards PASS
WOTS z=1 start=1022 target=1023 threads=4 root/auth/root-only/guards PASS
WOTS z=1 start=1022 target=1023 threads=8 root/auth/root-only/guards PASS
WOTS z=1 start=1022 target=1023 threads=32 root/auth/root-only/guards PASS
WOTS z=4 start=1008 target=1023 threads=1 root/auth/root-only/guards PASS
WOTS z=4 start=1008 target=1023 threads=2 root/auth/root-only/guards PASS
WOTS z=4 start=1008 target=1023 threads=4 root/auth/root-only/guards PASS
WOTS z=4 start=1008 target=1023 threads=8 root/auth/root-only/guards PASS
WOTS z=4 start=1008 target=1023 threads=32 root/auth/root-only/guards PASS
WOTS z=10 start=0 target=1023 threads=1 root/auth/root-only/guards PASS
WOTS z=10 start=0 target=1023 threads=2 root/auth/root-only/guards PASS
WOTS z=10 start=0 target=1023 threads=4 root/auth/root-only/guards PASS
WOTS z=10 start=0 target=1023 threads=8 root/auth/root-only/guards PASS
WOTS z=10 start=0 target=1023 threads=32 root/auth/root-only/guards PASS
FORS z=0 start=6143 target=6143 threads=1 root/auth/root-only/guards PASS
FORS z=0 start=6143 target=6143 threads=2 root/auth/root-only/guards PASS
FORS z=0 start=6143 target=6143 threads=4 root/auth/root-only/guards PASS
FORS z=0 start=6143 target=6143 threads=8 root/auth/root-only/guards PASS
FORS z=0 start=6143 target=6143 threads=32 root/auth/root-only/guards PASS
FORS z=1 start=6142 target=6143 threads=1 root/auth/root-only/guards PASS
FORS z=1 start=6142 target=6143 threads=2 root/auth/root-only/guards PASS
FORS z=1 start=6142 target=6143 threads=4 root/auth/root-only/guards PASS
FORS z=1 start=6142 target=6143 threads=8 root/auth/root-only/guards PASS
FORS z=1 start=6142 target=6143 threads=32 root/auth/root-only/guards PASS
FORS z=4 start=6128 target=6143 threads=1 root/auth/root-only/guards PASS
FORS z=4 start=6128 target=6143 threads=2 root/auth/root-only/guards PASS
FORS z=4 start=6128 target=6143 threads=4 root/auth/root-only/guards PASS
FORS z=4 start=6128 target=6143 threads=8 root/auth/root-only/guards PASS
FORS z=4 start=6128 target=6143 threads=32 root/auth/root-only/guards PASS
FORS z=10 start=5120 target=6143 threads=1 root/auth/root-only/guards PASS
FORS z=10 start=5120 target=6143 threads=2 root/auth/root-only/guards PASS
FORS z=10 start=5120 target=6143 threads=4 root/auth/root-only/guards PASS
FORS z=10 start=5120 target=6143 threads=8 root/auth/root-only/guards PASS
FORS z=10 start=5120 target=6143 threads=32 root/auth/root-only/guards PASS
subtree invalid inputs leave outputs untouched PASS
timing-build counters disabled PASS
native extended review PASS
make: *** No rule to make target 'repair-test'.  Stop.
make: Leaving directory '/home/guest-experiment/pqc-a1-5/c'
